Query OK, 1 row affected (0.123 sec)
Database changed (0.002 sec)
Query OK, 0 row affected. (0.006 sec)
+----------+
| Database |
+----------+
|     TEST |
+----------+
1 rows in set (0.078 sec)
+---------+----------+-----------+------------+------------+
| T.M_INT | T.M_LONG | T.M_FLOAT | T.M_DOUBLE | T.M_STRING |
+---------+----------+-----------+------------+------------+
+---------+----------+-----------+------------+------------+
0 rows in set (0.007 sec)
Line 14 : Column M_INT expected INT_TYPE yet get 2147483648
+---------+----------+-----------+------------+------------+
| T.M_INT | T.M_LONG | T.M_FLOAT | T.M_DOUBLE | T.M_STRING |
+---------+----------+-----------+------------+------------+
+---------+----------+-----------+------------+------------+
0 rows in set (0.001 sec)
Line 16 : Column M_INT expected INT_TYPE yet get -2147483649
+---------+----------+-----------+------------+------------+
| T.M_INT | T.M_LONG | T.M_FLOAT | T.M_DOUBLE | T.M_STRING |
+---------+----------+-----------+------------+------------+
+---------+----------+-----------+------------+------------+
0 rows in set (0.001 sec)
Line 18 : Column M_INT expected INT_TYPE yet get 2147483648
+---------+----------+-----------+------------+------------+
| T.M_INT | T.M_LONG | T.M_FLOAT | T.M_DOUBLE | T.M_STRING |
+---------+----------+-----------+------------+------------+
+---------+----------+-----------+------------+------------+
0 rows in set (0.001 sec)
Line 20 : Column M_INT expected INT_TYPE yet get -2147483649
+---------+----------+-----------+------------+------------+
| T.M_INT | T.M_LONG | T.M_FLOAT | T.M_DOUBLE | T.M_STRING |
+---------+----------+-----------+------------+------------+
+---------+----------+-----------+------------+------------+
0 rows in set (0.001 sec)
Line 25 : Column M_LONG expected LONG_TYPE yet get 9223372036854775808
+---------+----------+-----------+------------+------------+
| T.M_INT | T.M_LONG | T.M_FLOAT | T.M_DOUBLE | T.M_STRING |
+---------+----------+-----------+------------+------------+
+---------+----------+-----------+------------+------------+
0 rows in set (0.001 sec)
Line 27 : Column M_LONG expected LONG_TYPE yet get -9223372036854775809
+---------+----------+-----------+------------+------------+
| T.M_INT | T.M_LONG | T.M_FLOAT | T.M_DOUBLE | T.M_STRING |
+---------+----------+-----------+------------+------------+
+---------+----------+-----------+------------+------------+
0 rows in set (0.001 sec)
Line 29 : Column M_LONG expected LONG_TYPE yet get 9223372036854775808
+---------+----------+-----------+------------+------------+
| T.M_INT | T.M_LONG | T.M_FLOAT | T.M_DOUBLE | T.M_STRING |
+---------+----------+-----------+------------+------------+
+---------+----------+-----------+------------+------------+
0 rows in set (0.001 sec)
Line 31 : Column M_LONG expected LONG_TYPE yet get -9223372036854775809
+---------+----------+-----------+------------+------------+
| T.M_INT | T.M_LONG | T.M_FLOAT | T.M_DOUBLE | T.M_STRING |
+---------+----------+-----------+------------+------------+
+---------+----------+-----------+------------+------------+
0 rows in set (0.001 sec)
Line 76 : Out of range value for column M_STRING
+---------+----------+-----------+------------+------------+
| T.M_INT | T.M_LONG | T.M_FLOAT | T.M_DOUBLE | T.M_STRING |
+---------+----------+-----------+------------+------------+
+---------+----------+-----------+------------+------------+
0 rows in set (0.001 sec)
Line 78 : Out of range value for column M_STRING
+---------+----------+-----------+------------+------------+
| T.M_INT | T.M_LONG | T.M_FLOAT | T.M_DOUBLE | T.M_STRING |
+---------+----------+-----------+------------+------------+
+---------+----------+-----------+------------+------------+
0 rows in set (0.001 sec)
Query OK, 0 rows affected (0.001 sec)
+----------+
| Database |
+----------+
+----------+
0 rows in set (0.0 sec)
