Query OK, 1 row affected (0.016 sec)
Database changed (0.001 sec)
Query OK, 0 row affected. (0.008 sec)
Query OK, 1 row affected. (0.015 sec)
Query OK, 1 row affected. (0.001 sec)
Query OK, 1 row affected. (0.0 sec)
Query OK, 1 row affected. (0.001 sec)
Query OK, 1 row affected. (0.0 sec)
Query OK, 1 row affected. (0.0 sec)
Query OK, 1 row affected. (0.0 sec)
Query OK, 1 row affected. (0.0 sec)
Query OK, 1 row affected. (0.001 sec)
Query OK, 1 row affected. (0.0 sec)
Query OK, 1 row affected. (0.0 sec)
Query OK, 1 row affected. (0.0 sec)
Query OK, 1 row affected. (0.0 sec)
Query OK, 1 row affected. (0.0 sec)
Query OK, 1 row affected. (0.001 sec)
Query OK, 1 row affected. (0.0 sec)
Query OK, 1 row affected. (0.0 sec)
Query OK, 1 row affected. (0.0 sec)
Query OK, 1 row affected. (0.001 sec)
Query OK, 1 row affected. (0.0 sec)
+----------+
| Database |
+----------+
|     TEST |
+----------+
1 rows in set (0.07 sec)
+---------+----------+-----------+------------+------------+
| T.M_INT | T.M_LONG | T.M_FLOAT | T.M_DOUBLE | T.M_STRING |
+---------+----------+-----------+------------+------------+
|       1 |        1 |       1.0 |        1.0 |          1 |
+---------+----------+-----------+------------+------------+
|       2 |        2 |       2.0 |        2.0 |          2 |
+---------+----------+-----------+------------+------------+
|       3 |        3 |       3.0 |        3.0 |          3 |
+---------+----------+-----------+------------+------------+
|       4 |        4 |       4.0 |        4.0 |          4 |
+---------+----------+-----------+------------+------------+
|       5 |        5 |       5.0 |        5.0 |          5 |
+---------+----------+-----------+------------+------------+
|       6 |        6 |       6.0 |        6.0 |          6 |
+---------+----------+-----------+------------+------------+
|       7 |        7 |       7.0 |        7.0 |          7 |
+---------+----------+-----------+------------+------------+
|       8 |        8 |       8.0 |        8.0 |          8 |
+---------+----------+-----------+------------+------------+
|       9 |        9 |       9.0 |        9.0 |          9 |
+---------+----------+-----------+------------+------------+
|      10 |       10 |      10.0 |       10.0 |         10 |
+---------+----------+-----------+------------+------------+
|      11 |       11 |      11.0 |       11.0 |         11 |
+---------+----------+-----------+------------+------------+
|      12 |       12 |      12.0 |       12.0 |         12 |
+---------+----------+-----------+------------+------------+
|      13 |       13 |      13.0 |       13.0 |         13 |
+---------+----------+-----------+------------+------------+
|      14 |       14 |      14.0 |       14.0 |         14 |
+---------+----------+-----------+------------+------------+
|      15 |       15 |      15.0 |       15.0 |         15 |
+---------+----------+-----------+------------+------------+
|      16 |       16 |      16.0 |       16.0 |         16 |
+---------+----------+-----------+------------+------------+
|      17 |       17 |      17.0 |       17.0 |         17 |
+---------+----------+-----------+------------+------------+
|      18 |       18 |      18.0 |       18.0 |         18 |
+---------+----------+-----------+------------+------------+
|      19 |       19 |      19.0 |       19.0 |         19 |
+---------+----------+-----------+------------+------------+
|      20 |       20 |      20.0 |       20.0 |         20 |
+---------+----------+-----------+------------+------------+
20 rows in set (0.007 sec)
+---------+----------+-----------+------------+------------+
| T.M_INT | T.M_LONG | T.M_FLOAT | T.M_DOUBLE | T.M_STRING |
+---------+----------+-----------+------------+------------+
|      10 |       10 |      10.0 |       10.0 |         10 |
+---------+----------+-----------+------------+------------+
1 rows in set (0.005 sec)
+---------+----------+-----------+------------+------------+
| T.M_INT | T.M_LONG | T.M_FLOAT | T.M_DOUBLE | T.M_STRING |
+---------+----------+-----------+------------+------------+
|       1 |        1 |       1.0 |        1.0 |          1 |
+---------+----------+-----------+------------+------------+
|       2 |        2 |       2.0 |        2.0 |          2 |
+---------+----------+-----------+------------+------------+
|       3 |        3 |       3.0 |        3.0 |          3 |
+---------+----------+-----------+------------+------------+
|       4 |        4 |       4.0 |        4.0 |          4 |
+---------+----------+-----------+------------+------------+
|       5 |        5 |       5.0 |        5.0 |          5 |
+---------+----------+-----------+------------+------------+
|       6 |        6 |       6.0 |        6.0 |          6 |
+---------+----------+-----------+------------+------------+
|       7 |        7 |       7.0 |        7.0 |          7 |
+---------+----------+-----------+------------+------------+
|       8 |        8 |       8.0 |        8.0 |          8 |
+---------+----------+-----------+------------+------------+
|       9 |        9 |       9.0 |        9.0 |          9 |
+---------+----------+-----------+------------+------------+
9 rows in set (0.003 sec)
+---------+----------+-----------+------------+------------+
| T.M_INT | T.M_LONG | T.M_FLOAT | T.M_DOUBLE | T.M_STRING |
+---------+----------+-----------+------------+------------+
|      11 |       11 |      11.0 |       11.0 |         11 |
+---------+----------+-----------+------------+------------+
|      12 |       12 |      12.0 |       12.0 |         12 |
+---------+----------+-----------+------------+------------+
|      13 |       13 |      13.0 |       13.0 |         13 |
+---------+----------+-----------+------------+------------+
|      14 |       14 |      14.0 |       14.0 |         14 |
+---------+----------+-----------+------------+------------+
|      15 |       15 |      15.0 |       15.0 |         15 |
+---------+----------+-----------+------------+------------+
|      16 |       16 |      16.0 |       16.0 |         16 |
+---------+----------+-----------+------------+------------+
|      17 |       17 |      17.0 |       17.0 |         17 |
+---------+----------+-----------+------------+------------+
|      18 |       18 |      18.0 |       18.0 |         18 |
+---------+----------+-----------+------------+------------+
|      19 |       19 |      19.0 |       19.0 |         19 |
+---------+----------+-----------+------------+------------+
|      20 |       20 |      20.0 |       20.0 |         20 |
+---------+----------+-----------+------------+------------+
10 rows in set (0.002 sec)
+---------+----------+-----------+------------+------------+
| T.M_INT | T.M_LONG | T.M_FLOAT | T.M_DOUBLE | T.M_STRING |
+---------+----------+-----------+------------+------------+
|       1 |        1 |       1.0 |        1.0 |          1 |
+---------+----------+-----------+------------+------------+
|       2 |        2 |       2.0 |        2.0 |          2 |
+---------+----------+-----------+------------+------------+
|       3 |        3 |       3.0 |        3.0 |          3 |
+---------+----------+-----------+------------+------------+
|       4 |        4 |       4.0 |        4.0 |          4 |
+---------+----------+-----------+------------+------------+
|       5 |        5 |       5.0 |        5.0 |          5 |
+---------+----------+-----------+------------+------------+
|       6 |        6 |       6.0 |        6.0 |          6 |
+---------+----------+-----------+------------+------------+
|       7 |        7 |       7.0 |        7.0 |          7 |
+---------+----------+-----------+------------+------------+
|       8 |        8 |       8.0 |        8.0 |          8 |
+---------+----------+-----------+------------+------------+
|       9 |        9 |       9.0 |        9.0 |          9 |
+---------+----------+-----------+------------+------------+
|      10 |       10 |      10.0 |       10.0 |         10 |
+---------+----------+-----------+------------+------------+
10 rows in set (0.002 sec)
+---------+----------+-----------+------------+------------+
| T.M_INT | T.M_LONG | T.M_FLOAT | T.M_DOUBLE | T.M_STRING |
+---------+----------+-----------+------------+------------+
|      10 |       10 |      10.0 |       10.0 |         10 |
+---------+----------+-----------+------------+------------+
|      11 |       11 |      11.0 |       11.0 |         11 |
+---------+----------+-----------+------------+------------+
|      12 |       12 |      12.0 |       12.0 |         12 |
+---------+----------+-----------+------------+------------+
|      13 |       13 |      13.0 |       13.0 |         13 |
+---------+----------+-----------+------------+------------+
|      14 |       14 |      14.0 |       14.0 |         14 |
+---------+----------+-----------+------------+------------+
|      15 |       15 |      15.0 |       15.0 |         15 |
+---------+----------+-----------+------------+------------+
|      16 |       16 |      16.0 |       16.0 |         16 |
+---------+----------+-----------+------------+------------+
|      17 |       17 |      17.0 |       17.0 |         17 |
+---------+----------+-----------+------------+------------+
|      18 |       18 |      18.0 |       18.0 |         18 |
+---------+----------+-----------+------------+------------+
|      19 |       19 |      19.0 |       19.0 |         19 |
+---------+----------+-----------+------------+------------+
|      20 |       20 |      20.0 |       20.0 |         20 |
+---------+----------+-----------+------------+------------+
11 rows in set (0.003 sec)
+---------+----------+-----------+------------+------------+
| T.M_INT | T.M_LONG | T.M_FLOAT | T.M_DOUBLE | T.M_STRING |
+---------+----------+-----------+------------+------------+
|       1 |        1 |       1.0 |        1.0 |          1 |
+---------+----------+-----------+------------+------------+
|       2 |        2 |       2.0 |        2.0 |          2 |
+---------+----------+-----------+------------+------------+
|       3 |        3 |       3.0 |        3.0 |          3 |
+---------+----------+-----------+------------+------------+
|       4 |        4 |       4.0 |        4.0 |          4 |
+---------+----------+-----------+------------+------------+
|       5 |        5 |       5.0 |        5.0 |          5 |
+---------+----------+-----------+------------+------------+
|       6 |        6 |       6.0 |        6.0 |          6 |
+---------+----------+-----------+------------+------------+
|       7 |        7 |       7.0 |        7.0 |          7 |
+---------+----------+-----------+------------+------------+
|       8 |        8 |       8.0 |        8.0 |          8 |
+---------+----------+-----------+------------+------------+
|       9 |        9 |       9.0 |        9.0 |          9 |
+---------+----------+-----------+------------+------------+
|      11 |       11 |      11.0 |       11.0 |         11 |
+---------+----------+-----------+------------+------------+
|      12 |       12 |      12.0 |       12.0 |         12 |
+---------+----------+-----------+------------+------------+
|      13 |       13 |      13.0 |       13.0 |         13 |
+---------+----------+-----------+------------+------------+
|      14 |       14 |      14.0 |       14.0 |         14 |
+---------+----------+-----------+------------+------------+
|      15 |       15 |      15.0 |       15.0 |         15 |
+---------+----------+-----------+------------+------------+
|      16 |       16 |      16.0 |       16.0 |         16 |
+---------+----------+-----------+------------+------------+
|      17 |       17 |      17.0 |       17.0 |         17 |
+---------+----------+-----------+------------+------------+
|      18 |       18 |      18.0 |       18.0 |         18 |
+---------+----------+-----------+------------+------------+
|      19 |       19 |      19.0 |       19.0 |         19 |
+---------+----------+-----------+------------+------------+
|      20 |       20 |      20.0 |       20.0 |         20 |
+---------+----------+-----------+------------+------------+
19 rows in set (0.003 sec)
+---------+----------+-----------+------------+------------+
| T.M_INT | T.M_LONG | T.M_FLOAT | T.M_DOUBLE | T.M_STRING |
+---------+----------+-----------+------------+------------+
|       1 |        1 |       1.0 |        1.0 |          1 |
+---------+----------+-----------+------------+------------+
|       2 |        2 |       2.0 |        2.0 |          2 |
+---------+----------+-----------+------------+------------+
|       3 |        3 |       3.0 |        3.0 |          3 |
+---------+----------+-----------+------------+------------+
|       4 |        4 |       4.0 |        4.0 |          4 |
+---------+----------+-----------+------------+------------+
|       5 |        5 |       5.0 |        5.0 |          5 |
+---------+----------+-----------+------------+------------+
|       6 |        6 |       6.0 |        6.0 |          6 |
+---------+----------+-----------+------------+------------+
|       7 |        7 |       7.0 |        7.0 |          7 |
+---------+----------+-----------+------------+------------+
|       8 |        8 |       8.0 |        8.0 |          8 |
+---------+----------+-----------+------------+------------+
|       9 |        9 |       9.0 |        9.0 |          9 |
+---------+----------+-----------+------------+------------+
|      11 |       11 |      11.0 |       11.0 |         11 |
+---------+----------+-----------+------------+------------+
|      12 |       12 |      12.0 |       12.0 |         12 |
+---------+----------+-----------+------------+------------+
|      13 |       13 |      13.0 |       13.0 |         13 |
+---------+----------+-----------+------------+------------+
|      14 |       14 |      14.0 |       14.0 |         14 |
+---------+----------+-----------+------------+------------+
|      15 |       15 |      15.0 |       15.0 |         15 |
+---------+----------+-----------+------------+------------+
|      16 |       16 |      16.0 |       16.0 |         16 |
+---------+----------+-----------+------------+------------+
|      17 |       17 |      17.0 |       17.0 |         17 |
+---------+----------+-----------+------------+------------+
|      18 |       18 |      18.0 |       18.0 |         18 |
+---------+----------+-----------+------------+------------+
|      19 |       19 |      19.0 |       19.0 |         19 |
+---------+----------+-----------+------------+------------+
|      20 |       20 |      20.0 |       20.0 |         20 |
+---------+----------+-----------+------------+------------+
19 rows in set (0.004 sec)
+---------+----------+-----------+------------+------------+
| T.M_INT | T.M_LONG | T.M_FLOAT | T.M_DOUBLE | T.M_STRING |
+---------+----------+-----------+------------+------------+
|      10 |       10 |      10.0 |       10.0 |         10 |
+---------+----------+-----------+------------+------------+
1 rows in set (0.001 sec)
+---------+----------+-----------+------------+------------+
| T.M_INT | T.M_LONG | T.M_FLOAT | T.M_DOUBLE | T.M_STRING |
+---------+----------+-----------+------------+------------+
|       1 |        1 |       1.0 |        1.0 |          1 |
+---------+----------+-----------+------------+------------+
|       2 |        2 |       2.0 |        2.0 |          2 |
+---------+----------+-----------+------------+------------+
|       3 |        3 |       3.0 |        3.0 |          3 |
+---------+----------+-----------+------------+------------+
|       4 |        4 |       4.0 |        4.0 |          4 |
+---------+----------+-----------+------------+------------+
|       5 |        5 |       5.0 |        5.0 |          5 |
+---------+----------+-----------+------------+------------+
|       6 |        6 |       6.0 |        6.0 |          6 |
+---------+----------+-----------+------------+------------+
|       7 |        7 |       7.0 |        7.0 |          7 |
+---------+----------+-----------+------------+------------+
|       8 |        8 |       8.0 |        8.0 |          8 |
+---------+----------+-----------+------------+------------+
|       9 |        9 |       9.0 |        9.0 |          9 |
+---------+----------+-----------+------------+------------+
9 rows in set (0.001 sec)
+---------+----------+-----------+------------+------------+
| T.M_INT | T.M_LONG | T.M_FLOAT | T.M_DOUBLE | T.M_STRING |
+---------+----------+-----------+------------+------------+
|      11 |       11 |      11.0 |       11.0 |         11 |
+---------+----------+-----------+------------+------------+
|      12 |       12 |      12.0 |       12.0 |         12 |
+---------+----------+-----------+------------+------------+
|      13 |       13 |      13.0 |       13.0 |         13 |
+---------+----------+-----------+------------+------------+
|      14 |       14 |      14.0 |       14.0 |         14 |
+---------+----------+-----------+------------+------------+
|      15 |       15 |      15.0 |       15.0 |         15 |
+---------+----------+-----------+------------+------------+
|      16 |       16 |      16.0 |       16.0 |         16 |
+---------+----------+-----------+------------+------------+
|      17 |       17 |      17.0 |       17.0 |         17 |
+---------+----------+-----------+------------+------------+
|      18 |       18 |      18.0 |       18.0 |         18 |
+---------+----------+-----------+------------+------------+
|      19 |       19 |      19.0 |       19.0 |         19 |
+---------+----------+-----------+------------+------------+
|      20 |       20 |      20.0 |       20.0 |         20 |
+---------+----------+-----------+------------+------------+
10 rows in set (0.002 sec)
+---------+----------+-----------+------------+------------+
| T.M_INT | T.M_LONG | T.M_FLOAT | T.M_DOUBLE | T.M_STRING |
+---------+----------+-----------+------------+------------+
|       1 |        1 |       1.0 |        1.0 |          1 |
+---------+----------+-----------+------------+------------+
|       2 |        2 |       2.0 |        2.0 |          2 |
+---------+----------+-----------+------------+------------+
|       3 |        3 |       3.0 |        3.0 |          3 |
+---------+----------+-----------+------------+------------+
|       4 |        4 |       4.0 |        4.0 |          4 |
+---------+----------+-----------+------------+------------+
|       5 |        5 |       5.0 |        5.0 |          5 |
+---------+----------+-----------+------------+------------+
|       6 |        6 |       6.0 |        6.0 |          6 |
+---------+----------+-----------+------------+------------+
|       7 |        7 |       7.0 |        7.0 |          7 |
+---------+----------+-----------+------------+------------+
|       8 |        8 |       8.0 |        8.0 |          8 |
+---------+----------+-----------+------------+------------+
|       9 |        9 |       9.0 |        9.0 |          9 |
+---------+----------+-----------+------------+------------+
|      10 |       10 |      10.0 |       10.0 |         10 |
+---------+----------+-----------+------------+------------+
10 rows in set (0.002 sec)
+---------+----------+-----------+------------+------------+
| T.M_INT | T.M_LONG | T.M_FLOAT | T.M_DOUBLE | T.M_STRING |
+---------+----------+-----------+------------+------------+
|      10 |       10 |      10.0 |       10.0 |         10 |
+---------+----------+-----------+------------+------------+
|      11 |       11 |      11.0 |       11.0 |         11 |
+---------+----------+-----------+------------+------------+
|      12 |       12 |      12.0 |       12.0 |         12 |
+---------+----------+-----------+------------+------------+
|      13 |       13 |      13.0 |       13.0 |         13 |
+---------+----------+-----------+------------+------------+
|      14 |       14 |      14.0 |       14.0 |         14 |
+---------+----------+-----------+------------+------------+
|      15 |       15 |      15.0 |       15.0 |         15 |
+---------+----------+-----------+------------+------------+
|      16 |       16 |      16.0 |       16.0 |         16 |
+---------+----------+-----------+------------+------------+
|      17 |       17 |      17.0 |       17.0 |         17 |
+---------+----------+-----------+------------+------------+
|      18 |       18 |      18.0 |       18.0 |         18 |
+---------+----------+-----------+------------+------------+
|      19 |       19 |      19.0 |       19.0 |         19 |
+---------+----------+-----------+------------+------------+
|      20 |       20 |      20.0 |       20.0 |         20 |
+---------+----------+-----------+------------+------------+
11 rows in set (0.002 sec)
+---------+----------+-----------+------------+------------+
| T.M_INT | T.M_LONG | T.M_FLOAT | T.M_DOUBLE | T.M_STRING |
+---------+----------+-----------+------------+------------+
|       1 |        1 |       1.0 |        1.0 |          1 |
+---------+----------+-----------+------------+------------+
|       2 |        2 |       2.0 |        2.0 |          2 |
+---------+----------+-----------+------------+------------+
|       3 |        3 |       3.0 |        3.0 |          3 |
+---------+----------+-----------+------------+------------+
|       4 |        4 |       4.0 |        4.0 |          4 |
+---------+----------+-----------+------------+------------+
|       5 |        5 |       5.0 |        5.0 |          5 |
+---------+----------+-----------+------------+------------+
|       6 |        6 |       6.0 |        6.0 |          6 |
+---------+----------+-----------+------------+------------+
|       7 |        7 |       7.0 |        7.0 |          7 |
+---------+----------+-----------+------------+------------+
|       8 |        8 |       8.0 |        8.0 |          8 |
+---------+----------+-----------+------------+------------+
|       9 |        9 |       9.0 |        9.0 |          9 |
+---------+----------+-----------+------------+------------+
|      11 |       11 |      11.0 |       11.0 |         11 |
+---------+----------+-----------+------------+------------+
|      12 |       12 |      12.0 |       12.0 |         12 |
+---------+----------+-----------+------------+------------+
|      13 |       13 |      13.0 |       13.0 |         13 |
+---------+----------+-----------+------------+------------+
|      14 |       14 |      14.0 |       14.0 |         14 |
+---------+----------+-----------+------------+------------+
|      15 |       15 |      15.0 |       15.0 |         15 |
+---------+----------+-----------+------------+------------+
|      16 |       16 |      16.0 |       16.0 |         16 |
+---------+----------+-----------+------------+------------+
|      17 |       17 |      17.0 |       17.0 |         17 |
+---------+----------+-----------+------------+------------+
|      18 |       18 |      18.0 |       18.0 |         18 |
+---------+----------+-----------+------------+------------+
|      19 |       19 |      19.0 |       19.0 |         19 |
+---------+----------+-----------+------------+------------+
|      20 |       20 |      20.0 |       20.0 |         20 |
+---------+----------+-----------+------------+------------+
19 rows in set (0.003 sec)
+---------+----------+-----------+------------+------------+
| T.M_INT | T.M_LONG | T.M_FLOAT | T.M_DOUBLE | T.M_STRING |
+---------+----------+-----------+------------+------------+
|       1 |        1 |       1.0 |        1.0 |          1 |
+---------+----------+-----------+------------+------------+
|       2 |        2 |       2.0 |        2.0 |          2 |
+---------+----------+-----------+------------+------------+
|       3 |        3 |       3.0 |        3.0 |          3 |
+---------+----------+-----------+------------+------------+
|       4 |        4 |       4.0 |        4.0 |          4 |
+---------+----------+-----------+------------+------------+
|       5 |        5 |       5.0 |        5.0 |          5 |
+---------+----------+-----------+------------+------------+
|       6 |        6 |       6.0 |        6.0 |          6 |
+---------+----------+-----------+------------+------------+
|       7 |        7 |       7.0 |        7.0 |          7 |
+---------+----------+-----------+------------+------------+
|       8 |        8 |       8.0 |        8.0 |          8 |
+---------+----------+-----------+------------+------------+
|       9 |        9 |       9.0 |        9.0 |          9 |
+---------+----------+-----------+------------+------------+
|      11 |       11 |      11.0 |       11.0 |         11 |
+---------+----------+-----------+------------+------------+
|      12 |       12 |      12.0 |       12.0 |         12 |
+---------+----------+-----------+------------+------------+
|      13 |       13 |      13.0 |       13.0 |         13 |
+---------+----------+-----------+------------+------------+
|      14 |       14 |      14.0 |       14.0 |         14 |
+---------+----------+-----------+------------+------------+
|      15 |       15 |      15.0 |       15.0 |         15 |
+---------+----------+-----------+------------+------------+
|      16 |       16 |      16.0 |       16.0 |         16 |
+---------+----------+-----------+------------+------------+
|      17 |       17 |      17.0 |       17.0 |         17 |
+---------+----------+-----------+------------+------------+
|      18 |       18 |      18.0 |       18.0 |         18 |
+---------+----------+-----------+------------+------------+
|      19 |       19 |      19.0 |       19.0 |         19 |
+---------+----------+-----------+------------+------------+
|      20 |       20 |      20.0 |       20.0 |         20 |
+---------+----------+-----------+------------+------------+
19 rows in set (0.002 sec)
+---------+----------+-----------+------------+------------+
| T.M_INT | T.M_LONG | T.M_FLOAT | T.M_DOUBLE | T.M_STRING |
+---------+----------+-----------+------------+------------+
|      10 |       10 |      10.0 |       10.0 |         10 |
+---------+----------+-----------+------------+------------+
1 rows in set (0.001 sec)
+---------+----------+-----------+------------+------------+
| T.M_INT | T.M_LONG | T.M_FLOAT | T.M_DOUBLE | T.M_STRING |
+---------+----------+-----------+------------+------------+
|       1 |        1 |       1.0 |        1.0 |          1 |
+---------+----------+-----------+------------+------------+
|       2 |        2 |       2.0 |        2.0 |          2 |
+---------+----------+-----------+------------+------------+
|       3 |        3 |       3.0 |        3.0 |          3 |
+---------+----------+-----------+------------+------------+
|       4 |        4 |       4.0 |        4.0 |          4 |
+---------+----------+-----------+------------+------------+
|       5 |        5 |       5.0 |        5.0 |          5 |
+---------+----------+-----------+------------+------------+
|       6 |        6 |       6.0 |        6.0 |          6 |
+---------+----------+-----------+------------+------------+
|       7 |        7 |       7.0 |        7.0 |          7 |
+---------+----------+-----------+------------+------------+
|       8 |        8 |       8.0 |        8.0 |          8 |
+---------+----------+-----------+------------+------------+
|       9 |        9 |       9.0 |        9.0 |          9 |
+---------+----------+-----------+------------+------------+
9 rows in set (0.001 sec)
+---------+----------+-----------+------------+------------+
| T.M_INT | T.M_LONG | T.M_FLOAT | T.M_DOUBLE | T.M_STRING |
+---------+----------+-----------+------------+------------+
|      11 |       11 |      11.0 |       11.0 |         11 |
+---------+----------+-----------+------------+------------+
|      12 |       12 |      12.0 |       12.0 |         12 |
+---------+----------+-----------+------------+------------+
|      13 |       13 |      13.0 |       13.0 |         13 |
+---------+----------+-----------+------------+------------+
|      14 |       14 |      14.0 |       14.0 |         14 |
+---------+----------+-----------+------------+------------+
|      15 |       15 |      15.0 |       15.0 |         15 |
+---------+----------+-----------+------------+------------+
|      16 |       16 |      16.0 |       16.0 |         16 |
+---------+----------+-----------+------------+------------+
|      17 |       17 |      17.0 |       17.0 |         17 |
+---------+----------+-----------+------------+------------+
|      18 |       18 |      18.0 |       18.0 |         18 |
+---------+----------+-----------+------------+------------+
|      19 |       19 |      19.0 |       19.0 |         19 |
+---------+----------+-----------+------------+------------+
|      20 |       20 |      20.0 |       20.0 |         20 |
+---------+----------+-----------+------------+------------+
10 rows in set (0.001 sec)
+---------+----------+-----------+------------+------------+
| T.M_INT | T.M_LONG | T.M_FLOAT | T.M_DOUBLE | T.M_STRING |
+---------+----------+-----------+------------+------------+
|       1 |        1 |       1.0 |        1.0 |          1 |
+---------+----------+-----------+------------+------------+
|       2 |        2 |       2.0 |        2.0 |          2 |
+---------+----------+-----------+------------+------------+
|       3 |        3 |       3.0 |        3.0 |          3 |
+---------+----------+-----------+------------+------------+
|       4 |        4 |       4.0 |        4.0 |          4 |
+---------+----------+-----------+------------+------------+
|       5 |        5 |       5.0 |        5.0 |          5 |
+---------+----------+-----------+------------+------------+
|       6 |        6 |       6.0 |        6.0 |          6 |
+---------+----------+-----------+------------+------------+
|       7 |        7 |       7.0 |        7.0 |          7 |
+---------+----------+-----------+------------+------------+
|       8 |        8 |       8.0 |        8.0 |          8 |
+---------+----------+-----------+------------+------------+
|       9 |        9 |       9.0 |        9.0 |          9 |
+---------+----------+-----------+------------+------------+
|      10 |       10 |      10.0 |       10.0 |         10 |
+---------+----------+-----------+------------+------------+
10 rows in set (0.001 sec)
+---------+----------+-----------+------------+------------+
| T.M_INT | T.M_LONG | T.M_FLOAT | T.M_DOUBLE | T.M_STRING |
+---------+----------+-----------+------------+------------+
|      10 |       10 |      10.0 |       10.0 |         10 |
+---------+----------+-----------+------------+------------+
|      11 |       11 |      11.0 |       11.0 |         11 |
+---------+----------+-----------+------------+------------+
|      12 |       12 |      12.0 |       12.0 |         12 |
+---------+----------+-----------+------------+------------+
|      13 |       13 |      13.0 |       13.0 |         13 |
+---------+----------+-----------+------------+------------+
|      14 |       14 |      14.0 |       14.0 |         14 |
+---------+----------+-----------+------------+------------+
|      15 |       15 |      15.0 |       15.0 |         15 |
+---------+----------+-----------+------------+------------+
|      16 |       16 |      16.0 |       16.0 |         16 |
+---------+----------+-----------+------------+------------+
|      17 |       17 |      17.0 |       17.0 |         17 |
+---------+----------+-----------+------------+------------+
|      18 |       18 |      18.0 |       18.0 |         18 |
+---------+----------+-----------+------------+------------+
|      19 |       19 |      19.0 |       19.0 |         19 |
+---------+----------+-----------+------------+------------+
|      20 |       20 |      20.0 |       20.0 |         20 |
+---------+----------+-----------+------------+------------+
11 rows in set (0.0 sec)
+---------+----------+-----------+------------+------------+
| T.M_INT | T.M_LONG | T.M_FLOAT | T.M_DOUBLE | T.M_STRING |
+---------+----------+-----------+------------+------------+
|       1 |        1 |       1.0 |        1.0 |          1 |
+---------+----------+-----------+------------+------------+
|       2 |        2 |       2.0 |        2.0 |          2 |
+---------+----------+-----------+------------+------------+
|       3 |        3 |       3.0 |        3.0 |          3 |
+---------+----------+-----------+------------+------------+
|       4 |        4 |       4.0 |        4.0 |          4 |
+---------+----------+-----------+------------+------------+
|       5 |        5 |       5.0 |        5.0 |          5 |
+---------+----------+-----------+------------+------------+
|       6 |        6 |       6.0 |        6.0 |          6 |
+---------+----------+-----------+------------+------------+
|       7 |        7 |       7.0 |        7.0 |          7 |
+---------+----------+-----------+------------+------------+
|       8 |        8 |       8.0 |        8.0 |          8 |
+---------+----------+-----------+------------+------------+
|       9 |        9 |       9.0 |        9.0 |          9 |
+---------+----------+-----------+------------+------------+
|      11 |       11 |      11.0 |       11.0 |         11 |
+---------+----------+-----------+------------+------------+
|      12 |       12 |      12.0 |       12.0 |         12 |
+---------+----------+-----------+------------+------------+
|      13 |       13 |      13.0 |       13.0 |         13 |
+---------+----------+-----------+------------+------------+
|      14 |       14 |      14.0 |       14.0 |         14 |
+---------+----------+-----------+------------+------------+
|      15 |       15 |      15.0 |       15.0 |         15 |
+---------+----------+-----------+------------+------------+
|      16 |       16 |      16.0 |       16.0 |         16 |
+---------+----------+-----------+------------+------------+
|      17 |       17 |      17.0 |       17.0 |         17 |
+---------+----------+-----------+------------+------------+
|      18 |       18 |      18.0 |       18.0 |         18 |
+---------+----------+-----------+------------+------------+
|      19 |       19 |      19.0 |       19.0 |         19 |
+---------+----------+-----------+------------+------------+
|      20 |       20 |      20.0 |       20.0 |         20 |
+---------+----------+-----------+------------+------------+
19 rows in set (0.002 sec)
+---------+----------+-----------+------------+------------+
| T.M_INT | T.M_LONG | T.M_FLOAT | T.M_DOUBLE | T.M_STRING |
+---------+----------+-----------+------------+------------+
|       1 |        1 |       1.0 |        1.0 |          1 |
+---------+----------+-----------+------------+------------+
|       2 |        2 |       2.0 |        2.0 |          2 |
+---------+----------+-----------+------------+------------+
|       3 |        3 |       3.0 |        3.0 |          3 |
+---------+----------+-----------+------------+------------+
|       4 |        4 |       4.0 |        4.0 |          4 |
+---------+----------+-----------+------------+------------+
|       5 |        5 |       5.0 |        5.0 |          5 |
+---------+----------+-----------+------------+------------+
|       6 |        6 |       6.0 |        6.0 |          6 |
+---------+----------+-----------+------------+------------+
|       7 |        7 |       7.0 |        7.0 |          7 |
+---------+----------+-----------+------------+------------+
|       8 |        8 |       8.0 |        8.0 |          8 |
+---------+----------+-----------+------------+------------+
|       9 |        9 |       9.0 |        9.0 |          9 |
+---------+----------+-----------+------------+------------+
|      11 |       11 |      11.0 |       11.0 |         11 |
+---------+----------+-----------+------------+------------+
|      12 |       12 |      12.0 |       12.0 |         12 |
+---------+----------+-----------+------------+------------+
|      13 |       13 |      13.0 |       13.0 |         13 |
+---------+----------+-----------+------------+------------+
|      14 |       14 |      14.0 |       14.0 |         14 |
+---------+----------+-----------+------------+------------+
|      15 |       15 |      15.0 |       15.0 |         15 |
+---------+----------+-----------+------------+------------+
|      16 |       16 |      16.0 |       16.0 |         16 |
+---------+----------+-----------+------------+------------+
|      17 |       17 |      17.0 |       17.0 |         17 |
+---------+----------+-----------+------------+------------+
|      18 |       18 |      18.0 |       18.0 |         18 |
+---------+----------+-----------+------------+------------+
|      19 |       19 |      19.0 |       19.0 |         19 |
+---------+----------+-----------+------------+------------+
|      20 |       20 |      20.0 |       20.0 |         20 |
+---------+----------+-----------+------------+------------+
19 rows in set (0.002 sec)
Line 62 : Type mismatch: <M_FLOAT> expected LONG_TYPE, yet get FLOAT_TYPE
+---------+----------+-----------+------------+------------+
| T.M_INT | T.M_LONG | T.M_FLOAT | T.M_DOUBLE | T.M_STRING |
+---------+----------+-----------+------------+------------+
|      10 |       10 |      10.0 |       10.0 |         10 |
+---------+----------+-----------+------------+------------+
1 rows in set (0.0 sec)
+---------+----------+-----------+------------+------------+
| T.M_INT | T.M_LONG | T.M_FLOAT | T.M_DOUBLE | T.M_STRING |
+---------+----------+-----------+------------+------------+
|       1 |        1 |       1.0 |        1.0 |          1 |
+---------+----------+-----------+------------+------------+
|       2 |        2 |       2.0 |        2.0 |          2 |
+---------+----------+-----------+------------+------------+
|       3 |        3 |       3.0 |        3.0 |          3 |
+---------+----------+-----------+------------+------------+
|       4 |        4 |       4.0 |        4.0 |          4 |
+---------+----------+-----------+------------+------------+
|       5 |        5 |       5.0 |        5.0 |          5 |
+---------+----------+-----------+------------+------------+
|       6 |        6 |       6.0 |        6.0 |          6 |
+---------+----------+-----------+------------+------------+
|       7 |        7 |       7.0 |        7.0 |          7 |
+---------+----------+-----------+------------+------------+
|       8 |        8 |       8.0 |        8.0 |          8 |
+---------+----------+-----------+------------+------------+
|       9 |        9 |       9.0 |        9.0 |          9 |
+---------+----------+-----------+------------+------------+
9 rows in set (0.002 sec)
+---------+----------+-----------+------------+------------+
| T.M_INT | T.M_LONG | T.M_FLOAT | T.M_DOUBLE | T.M_STRING |
+---------+----------+-----------+------------+------------+
|      11 |       11 |      11.0 |       11.0 |         11 |
+---------+----------+-----------+------------+------------+
|      12 |       12 |      12.0 |       12.0 |         12 |
+---------+----------+-----------+------------+------------+
|      13 |       13 |      13.0 |       13.0 |         13 |
+---------+----------+-----------+------------+------------+
|      14 |       14 |      14.0 |       14.0 |         14 |
+---------+----------+-----------+------------+------------+
|      15 |       15 |      15.0 |       15.0 |         15 |
+---------+----------+-----------+------------+------------+
|      16 |       16 |      16.0 |       16.0 |         16 |
+---------+----------+-----------+------------+------------+
|      17 |       17 |      17.0 |       17.0 |         17 |
+---------+----------+-----------+------------+------------+
|      18 |       18 |      18.0 |       18.0 |         18 |
+---------+----------+-----------+------------+------------+
|      19 |       19 |      19.0 |       19.0 |         19 |
+---------+----------+-----------+------------+------------+
|      20 |       20 |      20.0 |       20.0 |         20 |
+---------+----------+-----------+------------+------------+
10 rows in set (0.001 sec)
+---------+----------+-----------+------------+------------+
| T.M_INT | T.M_LONG | T.M_FLOAT | T.M_DOUBLE | T.M_STRING |
+---------+----------+-----------+------------+------------+
|       1 |        1 |       1.0 |        1.0 |          1 |
+---------+----------+-----------+------------+------------+
|       2 |        2 |       2.0 |        2.0 |          2 |
+---------+----------+-----------+------------+------------+
|       3 |        3 |       3.0 |        3.0 |          3 |
+---------+----------+-----------+------------+------------+
|       4 |        4 |       4.0 |        4.0 |          4 |
+---------+----------+-----------+------------+------------+
|       5 |        5 |       5.0 |        5.0 |          5 |
+---------+----------+-----------+------------+------------+
|       6 |        6 |       6.0 |        6.0 |          6 |
+---------+----------+-----------+------------+------------+
|       7 |        7 |       7.0 |        7.0 |          7 |
+---------+----------+-----------+------------+------------+
|       8 |        8 |       8.0 |        8.0 |          8 |
+---------+----------+-----------+------------+------------+
|       9 |        9 |       9.0 |        9.0 |          9 |
+---------+----------+-----------+------------+------------+
|      10 |       10 |      10.0 |       10.0 |         10 |
+---------+----------+-----------+------------+------------+
10 rows in set (0.001 sec)
+---------+----------+-----------+------------+------------+
| T.M_INT | T.M_LONG | T.M_FLOAT | T.M_DOUBLE | T.M_STRING |
+---------+----------+-----------+------------+------------+
|      10 |       10 |      10.0 |       10.0 |         10 |
+---------+----------+-----------+------------+------------+
|      11 |       11 |      11.0 |       11.0 |         11 |
+---------+----------+-----------+------------+------------+
|      12 |       12 |      12.0 |       12.0 |         12 |
+---------+----------+-----------+------------+------------+
|      13 |       13 |      13.0 |       13.0 |         13 |
+---------+----------+-----------+------------+------------+
|      14 |       14 |      14.0 |       14.0 |         14 |
+---------+----------+-----------+------------+------------+
|      15 |       15 |      15.0 |       15.0 |         15 |
+---------+----------+-----------+------------+------------+
|      16 |       16 |      16.0 |       16.0 |         16 |
+---------+----------+-----------+------------+------------+
|      17 |       17 |      17.0 |       17.0 |         17 |
+---------+----------+-----------+------------+------------+
|      18 |       18 |      18.0 |       18.0 |         18 |
+---------+----------+-----------+------------+------------+
|      19 |       19 |      19.0 |       19.0 |         19 |
+---------+----------+-----------+------------+------------+
|      20 |       20 |      20.0 |       20.0 |         20 |
+---------+----------+-----------+------------+------------+
11 rows in set (0.001 sec)
+---------+----------+-----------+------------+------------+
| T.M_INT | T.M_LONG | T.M_FLOAT | T.M_DOUBLE | T.M_STRING |
+---------+----------+-----------+------------+------------+
|       1 |        1 |       1.0 |        1.0 |          1 |
+---------+----------+-----------+------------+------------+
|       2 |        2 |       2.0 |        2.0 |          2 |
+---------+----------+-----------+------------+------------+
|       3 |        3 |       3.0 |        3.0 |          3 |
+---------+----------+-----------+------------+------------+
|       4 |        4 |       4.0 |        4.0 |          4 |
+---------+----------+-----------+------------+------------+
|       5 |        5 |       5.0 |        5.0 |          5 |
+---------+----------+-----------+------------+------------+
|       6 |        6 |       6.0 |        6.0 |          6 |
+---------+----------+-----------+------------+------------+
|       7 |        7 |       7.0 |        7.0 |          7 |
+---------+----------+-----------+------------+------------+
|       8 |        8 |       8.0 |        8.0 |          8 |
+---------+----------+-----------+------------+------------+
|       9 |        9 |       9.0 |        9.0 |          9 |
+---------+----------+-----------+------------+------------+
|      11 |       11 |      11.0 |       11.0 |         11 |
+---------+----------+-----------+------------+------------+
|      12 |       12 |      12.0 |       12.0 |         12 |
+---------+----------+-----------+------------+------------+
|      13 |       13 |      13.0 |       13.0 |         13 |
+---------+----------+-----------+------------+------------+
|      14 |       14 |      14.0 |       14.0 |         14 |
+---------+----------+-----------+------------+------------+
|      15 |       15 |      15.0 |       15.0 |         15 |
+---------+----------+-----------+------------+------------+
|      16 |       16 |      16.0 |       16.0 |         16 |
+---------+----------+-----------+------------+------------+
|      17 |       17 |      17.0 |       17.0 |         17 |
+---------+----------+-----------+------------+------------+
|      18 |       18 |      18.0 |       18.0 |         18 |
+---------+----------+-----------+------------+------------+
|      19 |       19 |      19.0 |       19.0 |         19 |
+---------+----------+-----------+------------+------------+
|      20 |       20 |      20.0 |       20.0 |         20 |
+---------+----------+-----------+------------+------------+
19 rows in set (0.001 sec)
+---------+----------+-----------+------------+------------+
| T.M_INT | T.M_LONG | T.M_FLOAT | T.M_DOUBLE | T.M_STRING |
+---------+----------+-----------+------------+------------+
|       1 |        1 |       1.0 |        1.0 |          1 |
+---------+----------+-----------+------------+------------+
|       2 |        2 |       2.0 |        2.0 |          2 |
+---------+----------+-----------+------------+------------+
|       3 |        3 |       3.0 |        3.0 |          3 |
+---------+----------+-----------+------------+------------+
|       4 |        4 |       4.0 |        4.0 |          4 |
+---------+----------+-----------+------------+------------+
|       5 |        5 |       5.0 |        5.0 |          5 |
+---------+----------+-----------+------------+------------+
|       6 |        6 |       6.0 |        6.0 |          6 |
+---------+----------+-----------+------------+------------+
|       7 |        7 |       7.0 |        7.0 |          7 |
+---------+----------+-----------+------------+------------+
|       8 |        8 |       8.0 |        8.0 |          8 |
+---------+----------+-----------+------------+------------+
|       9 |        9 |       9.0 |        9.0 |          9 |
+---------+----------+-----------+------------+------------+
|      11 |       11 |      11.0 |       11.0 |         11 |
+---------+----------+-----------+------------+------------+
|      12 |       12 |      12.0 |       12.0 |         12 |
+---------+----------+-----------+------------+------------+
|      13 |       13 |      13.0 |       13.0 |         13 |
+---------+----------+-----------+------------+------------+
|      14 |       14 |      14.0 |       14.0 |         14 |
+---------+----------+-----------+------------+------------+
|      15 |       15 |      15.0 |       15.0 |         15 |
+---------+----------+-----------+------------+------------+
|      16 |       16 |      16.0 |       16.0 |         16 |
+---------+----------+-----------+------------+------------+
|      17 |       17 |      17.0 |       17.0 |         17 |
+---------+----------+-----------+------------+------------+
|      18 |       18 |      18.0 |       18.0 |         18 |
+---------+----------+-----------+------------+------------+
|      19 |       19 |      19.0 |       19.0 |         19 |
+---------+----------+-----------+------------+------------+
|      20 |       20 |      20.0 |       20.0 |         20 |
+---------+----------+-----------+------------+------------+
19 rows in set (0.002 sec)
Line 72 : Type mismatch: <M_DOUBLE> expected LONG_TYPE, yet get DOUBLE_TYPE
+---------+----------+-----------+------------+------------+
| T.M_INT | T.M_LONG | T.M_FLOAT | T.M_DOUBLE | T.M_STRING |
+---------+----------+-----------+------------+------------+
|      10 |       10 |      10.0 |       10.0 |         10 |
+---------+----------+-----------+------------+------------+
1 rows in set (0.001 sec)
+---------+----------+-----------+------------+------------+
| T.M_INT | T.M_LONG | T.M_FLOAT | T.M_DOUBLE | T.M_STRING |
+---------+----------+-----------+------------+------------+
|       1 |        1 |       1.0 |        1.0 |          1 |
+---------+----------+-----------+------------+------------+
|       2 |        2 |       2.0 |        2.0 |          2 |
+---------+----------+-----------+------------+------------+
|       3 |        3 |       3.0 |        3.0 |          3 |
+---------+----------+-----------+------------+------------+
|       4 |        4 |       4.0 |        4.0 |          4 |
+---------+----------+-----------+------------+------------+
|       5 |        5 |       5.0 |        5.0 |          5 |
+---------+----------+-----------+------------+------------+
|       6 |        6 |       6.0 |        6.0 |          6 |
+---------+----------+-----------+------------+------------+
|       7 |        7 |       7.0 |        7.0 |          7 |
+---------+----------+-----------+------------+------------+
|       8 |        8 |       8.0 |        8.0 |          8 |
+---------+----------+-----------+------------+------------+
|       9 |        9 |       9.0 |        9.0 |          9 |
+---------+----------+-----------+------------+------------+
|      11 |       11 |      11.0 |       11.0 |         11 |
+---------+----------+-----------+------------+------------+
|      12 |       12 |      12.0 |       12.0 |         12 |
+---------+----------+-----------+------------+------------+
|      13 |       13 |      13.0 |       13.0 |         13 |
+---------+----------+-----------+------------+------------+
|      14 |       14 |      14.0 |       14.0 |         14 |
+---------+----------+-----------+------------+------------+
|      15 |       15 |      15.0 |       15.0 |         15 |
+---------+----------+-----------+------------+------------+
|      16 |       16 |      16.0 |       16.0 |         16 |
+---------+----------+-----------+------------+------------+
|      17 |       17 |      17.0 |       17.0 |         17 |
+---------+----------+-----------+------------+------------+
|      18 |       18 |      18.0 |       18.0 |         18 |
+---------+----------+-----------+------------+------------+
|      19 |       19 |      19.0 |       19.0 |         19 |
+---------+----------+-----------+------------+------------+
|      20 |       20 |      20.0 |       20.0 |         20 |
+---------+----------+-----------+------------+------------+
19 rows in set (0.002 sec)
+---------+----------+-----------+------------+------------+
| T.M_INT | T.M_LONG | T.M_FLOAT | T.M_DOUBLE | T.M_STRING |
+---------+----------+-----------+------------+------------+
|       1 |        1 |       1.0 |        1.0 |          1 |
+---------+----------+-----------+------------+------------+
|       2 |        2 |       2.0 |        2.0 |          2 |
+---------+----------+-----------+------------+------------+
|       3 |        3 |       3.0 |        3.0 |          3 |
+---------+----------+-----------+------------+------------+
|       4 |        4 |       4.0 |        4.0 |          4 |
+---------+----------+-----------+------------+------------+
|       5 |        5 |       5.0 |        5.0 |          5 |
+---------+----------+-----------+------------+------------+
|       6 |        6 |       6.0 |        6.0 |          6 |
+---------+----------+-----------+------------+------------+
|       7 |        7 |       7.0 |        7.0 |          7 |
+---------+----------+-----------+------------+------------+
|       8 |        8 |       8.0 |        8.0 |          8 |
+---------+----------+-----------+------------+------------+
|       9 |        9 |       9.0 |        9.0 |          9 |
+---------+----------+-----------+------------+------------+
|      11 |       11 |      11.0 |       11.0 |         11 |
+---------+----------+-----------+------------+------------+
|      12 |       12 |      12.0 |       12.0 |         12 |
+---------+----------+-----------+------------+------------+
|      13 |       13 |      13.0 |       13.0 |         13 |
+---------+----------+-----------+------------+------------+
|      14 |       14 |      14.0 |       14.0 |         14 |
+---------+----------+-----------+------------+------------+
|      15 |       15 |      15.0 |       15.0 |         15 |
+---------+----------+-----------+------------+------------+
|      16 |       16 |      16.0 |       16.0 |         16 |
+---------+----------+-----------+------------+------------+
|      17 |       17 |      17.0 |       17.0 |         17 |
+---------+----------+-----------+------------+------------+
|      18 |       18 |      18.0 |       18.0 |         18 |
+---------+----------+-----------+------------+------------+
|      19 |       19 |      19.0 |       19.0 |         19 |
+---------+----------+-----------+------------+------------+
|      20 |       20 |      20.0 |       20.0 |         20 |
+---------+----------+-----------+------------+------------+
19 rows in set (0.001 sec)
+---------+----------+-----------+------------+------------+
| T.M_INT | T.M_LONG | T.M_FLOAT | T.M_DOUBLE | T.M_STRING |
+---------+----------+-----------+------------+------------+
|       1 |        1 |       1.0 |        1.0 |          1 |
+---------+----------+-----------+------------+------------+
1 rows in set (0.0 sec)
+---------+----------+-----------+------------+------------+
| T.M_INT | T.M_LONG | T.M_FLOAT | T.M_DOUBLE | T.M_STRING |
+---------+----------+-----------+------------+------------+
|       2 |        2 |       2.0 |        2.0 |          2 |
+---------+----------+-----------+------------+------------+
|       3 |        3 |       3.0 |        3.0 |          3 |
+---------+----------+-----------+------------+------------+
|       4 |        4 |       4.0 |        4.0 |          4 |
+---------+----------+-----------+------------+------------+
|       5 |        5 |       5.0 |        5.0 |          5 |
+---------+----------+-----------+------------+------------+
|       6 |        6 |       6.0 |        6.0 |          6 |
+---------+----------+-----------+------------+------------+
|       7 |        7 |       7.0 |        7.0 |          7 |
+---------+----------+-----------+------------+------------+
|       8 |        8 |       8.0 |        8.0 |          8 |
+---------+----------+-----------+------------+------------+
|       9 |        9 |       9.0 |        9.0 |          9 |
+---------+----------+-----------+------------+------------+
|      11 |       11 |      11.0 |       11.0 |         11 |
+---------+----------+-----------+------------+------------+
|      12 |       12 |      12.0 |       12.0 |         12 |
+---------+----------+-----------+------------+------------+
|      13 |       13 |      13.0 |       13.0 |         13 |
+---------+----------+-----------+------------+------------+
|      14 |       14 |      14.0 |       14.0 |         14 |
+---------+----------+-----------+------------+------------+
|      15 |       15 |      15.0 |       15.0 |         15 |
+---------+----------+-----------+------------+------------+
|      16 |       16 |      16.0 |       16.0 |         16 |
+---------+----------+-----------+------------+------------+
|      17 |       17 |      17.0 |       17.0 |         17 |
+---------+----------+-----------+------------+------------+
|      18 |       18 |      18.0 |       18.0 |         18 |
+---------+----------+-----------+------------+------------+
|      19 |       19 |      19.0 |       19.0 |         19 |
+---------+----------+-----------+------------+------------+
|      20 |       20 |      20.0 |       20.0 |         20 |
+---------+----------+-----------+------------+------------+
18 rows in set (0.002 sec)
+---------+----------+-----------+------------+------------+
| T.M_INT | T.M_LONG | T.M_FLOAT | T.M_DOUBLE | T.M_STRING |
+---------+----------+-----------+------------+------------+
|       1 |        1 |       1.0 |        1.0 |          1 |
+---------+----------+-----------+------------+------------+
|      10 |       10 |      10.0 |       10.0 |         10 |
+---------+----------+-----------+------------+------------+
2 rows in set (0.001 sec)
+---------+----------+-----------+------------+------------+
| T.M_INT | T.M_LONG | T.M_FLOAT | T.M_DOUBLE | T.M_STRING |
+---------+----------+-----------+------------+------------+
|       2 |        2 |       2.0 |        2.0 |          2 |
+---------+----------+-----------+------------+------------+
|       3 |        3 |       3.0 |        3.0 |          3 |
+---------+----------+-----------+------------+------------+
|       4 |        4 |       4.0 |        4.0 |          4 |
+---------+----------+-----------+------------+------------+
|       5 |        5 |       5.0 |        5.0 |          5 |
+---------+----------+-----------+------------+------------+
|       6 |        6 |       6.0 |        6.0 |          6 |
+---------+----------+-----------+------------+------------+
|       7 |        7 |       7.0 |        7.0 |          7 |
+---------+----------+-----------+------------+------------+
|       8 |        8 |       8.0 |        8.0 |          8 |
+---------+----------+-----------+------------+------------+
|       9 |        9 |       9.0 |        9.0 |          9 |
+---------+----------+-----------+------------+------------+
|      10 |       10 |      10.0 |       10.0 |         10 |
+---------+----------+-----------+------------+------------+
|      11 |       11 |      11.0 |       11.0 |         11 |
+---------+----------+-----------+------------+------------+
|      12 |       12 |      12.0 |       12.0 |         12 |
+---------+----------+-----------+------------+------------+
|      13 |       13 |      13.0 |       13.0 |         13 |
+---------+----------+-----------+------------+------------+
|      14 |       14 |      14.0 |       14.0 |         14 |
+---------+----------+-----------+------------+------------+
|      15 |       15 |      15.0 |       15.0 |         15 |
+---------+----------+-----------+------------+------------+
|      16 |       16 |      16.0 |       16.0 |         16 |
+---------+----------+-----------+------------+------------+
|      17 |       17 |      17.0 |       17.0 |         17 |
+---------+----------+-----------+------------+------------+
|      18 |       18 |      18.0 |       18.0 |         18 |
+---------+----------+-----------+------------+------------+
|      19 |       19 |      19.0 |       19.0 |         19 |
+---------+----------+-----------+------------+------------+
|      20 |       20 |      20.0 |       20.0 |         20 |
+---------+----------+-----------+------------+------------+
19 rows in set (0.001 sec)
Line 83 : Type mismatch: <M_STRING> expected LONG_TYPE, yet get STRING_TYPE
Query OK, 0 rows affected (0.001 sec)
+----------+
| Database |
+----------+
+----------+
0 rows in set (0.001 sec)
