Query OK, 1 row affected (0.019 sec)
Database changed (0.001 sec)
Query OK, 0 row affected. (0.009 sec)
+----------+
| Database |
+----------+
|     TEST |
+----------+
1 rows in set (0.076 sec)
+---------+----------+-----------+------------+------------+
| T.M_INT | T.M_LONG | T.M_FLOAT | T.M_DOUBLE | T.M_STRING |
+---------+----------+-----------+------------+------------+
+---------+----------+-----------+------------+------------+
0 rows in set (0.016 sec)
Line 18 : FullColumnName M_INT can not be null
+---------+----------+-----------+------------+------------+
| T.M_INT | T.M_LONG | T.M_FLOAT | T.M_DOUBLE | T.M_STRING |
+---------+----------+-----------+------------+------------+
+---------+----------+-----------+------------+------------+
0 rows in set (0.001 sec)
Line 20 : FullColumnName M_LONG can not be null
+---------+----------+-----------+------------+------------+
| T.M_INT | T.M_LONG | T.M_FLOAT | T.M_DOUBLE | T.M_STRING |
+---------+----------+-----------+------------+------------+
+---------+----------+-----------+------------+------------+
0 rows in set (0.001 sec)
Query OK, 1 row affected. (0.0 sec)
+---------+----------+-----------+------------+------------+
| T.M_INT | T.M_LONG | T.M_FLOAT | T.M_DOUBLE | T.M_STRING |
+---------+----------+-----------+------------+------------+
|      30 |       30 |      null |       30.0 |         30 |
+---------+----------+-----------+------------+------------+
1 rows in set (0.001 sec)
Query OK, 1 row affected. (0.001 sec)
+---------+----------+-----------+------------+------------+
| T.M_INT | T.M_LONG | T.M_FLOAT | T.M_DOUBLE | T.M_STRING |
+---------+----------+-----------+------------+------------+
|      30 |       30 |      null |       30.0 |         30 |
+---------+----------+-----------+------------+------------+
|      30 |       31 |      30.0 |       null |         30 |
+---------+----------+-----------+------------+------------+
2 rows in set (0.001 sec)
Line 26 : FullColumnName M_STRING can not be null
+---------+----------+-----------+------------+------------+
| T.M_INT | T.M_LONG | T.M_FLOAT | T.M_DOUBLE | T.M_STRING |
+---------+----------+-----------+------------+------------+
|      30 |       30 |      null |       30.0 |         30 |
+---------+----------+-----------+------------+------------+
|      30 |       31 |      30.0 |       null |         30 |
+---------+----------+-----------+------------+------------+
2 rows in set (0.002 sec)
Line 29 : FullColumnName M_INT can not be null
+---------+----------+-----------+------------+------------+
| T.M_INT | T.M_LONG | T.M_FLOAT | T.M_DOUBLE | T.M_STRING |
+---------+----------+-----------+------------+------------+
|      30 |       30 |      null |       30.0 |         30 |
+---------+----------+-----------+------------+------------+
|      30 |       31 |      30.0 |       null |         30 |
+---------+----------+-----------+------------+------------+
2 rows in set (0.001 sec)
Query OK, 0 rows affected (0.001 sec)
+----------+
| Database |
+----------+
+----------+
0 rows in set (0.0 sec)
Query OK, 1 row affected (0.001 sec)
Database changed (0.001 sec)
Query OK, 0 row affected. (0.001 sec)
+----------+
| Database |
+----------+
|     TEST |
+----------+
1 rows in set (0.0 sec)
+---------+----------+-----------+------------+------------+
| T.M_INT | T.M_LONG | T.M_FLOAT | T.M_DOUBLE | T.M_STRING |
+---------+----------+-----------+------------+------------+
+---------+----------+-----------+------------+------------+
0 rows in set (0.004 sec)
Query OK, 1 row affected. (0.0 sec)
+---------+----------+-----------+------------+------------+
| T.M_INT | T.M_LONG | T.M_FLOAT | T.M_DOUBLE | T.M_STRING |
+---------+----------+-----------+------------+------------+
|    null |       30 |      30.0 |       30.0 |         30 |
+---------+----------+-----------+------------+------------+
1 rows in set (0.001 sec)
Line 53 : FullColumnName M_LONG can not be null
+---------+----------+-----------+------------+------------+
| T.M_INT | T.M_LONG | T.M_FLOAT | T.M_DOUBLE | T.M_STRING |
+---------+----------+-----------+------------+------------+
|    null |       30 |      30.0 |       30.0 |         30 |
+---------+----------+-----------+------------+------------+
1 rows in set (0.001 sec)
Line 55 : Duplicate value '30' for key M_LONG
+---------+----------+-----------+------------+------------+
| T.M_INT | T.M_LONG | T.M_FLOAT | T.M_DOUBLE | T.M_STRING |
+---------+----------+-----------+------------+------------+
|    null |       30 |      30.0 |       30.0 |         30 |
+---------+----------+-----------+------------+------------+
1 rows in set (0.001 sec)
Query OK, 1 row affected. (0.0 sec)
+---------+----------+-----------+------------+------------+
| T.M_INT | T.M_LONG | T.M_FLOAT | T.M_DOUBLE | T.M_STRING |
+---------+----------+-----------+------------+------------+
|    null |       30 |      30.0 |       30.0 |         30 |
+---------+----------+-----------+------------+------------+
|      30 |       31 |      30.0 |       null |         30 |
+---------+----------+-----------+------------+------------+
2 rows in set (0.002 sec)
Query OK, 1 row affected. (0.0 sec)
+---------+----------+-----------+------------+------------+
| T.M_INT | T.M_LONG | T.M_FLOAT | T.M_DOUBLE | T.M_STRING |
+---------+----------+-----------+------------+------------+
|    null |       30 |      30.0 |       30.0 |         30 |
+---------+----------+-----------+------------+------------+
|      30 |       31 |      30.0 |       null |         30 |
+---------+----------+-----------+------------+------------+
|      30 |       32 |      30.0 |       30.0 |       null |
+---------+----------+-----------+------------+------------+
3 rows in set (0.001 sec)
Line 62 : FullColumnName M_LONG can not be null
+---------+----------+-----------+------------+------------+
| T.M_INT | T.M_LONG | T.M_FLOAT | T.M_DOUBLE | T.M_STRING |
+---------+----------+-----------+------------+------------+
|    null |       30 |      30.0 |       30.0 |         30 |
+---------+----------+-----------+------------+------------+
|      30 |       31 |      30.0 |       null |         30 |
+---------+----------+-----------+------------+------------+
|      30 |       32 |      30.0 |       30.0 |       null |
+---------+----------+-----------+------------+------------+
3 rows in set (0.002 sec)
Query OK, 0 rows affected (0.001 sec)
+----------+
| Database |
+----------+
+----------+
0 rows in set (0.0 sec)
