Query OK, 1 row affected (0.023 sec)
Database changed (0.002 sec)
Query OK, 0 row affected. (0.01 sec)
+----------+
| Database |
+----------+
|     TEST |
+----------+
1 rows in set (0.112 sec)
+---------+----------+-----------+------------+------------+
| T.M_INT | T.M_LONG | T.M_FLOAT | T.M_DOUBLE | T.M_STRING |
+---------+----------+-----------+------------+------------+
+---------+----------+-----------+------------+------------+
0 rows in set (0.013 sec)
Line 14 : Column M_INT expected INT_TYPE yet get 1.0
Line 15 : Column M_INT expected INT_TYPE yet get 11.0
+---------+----------+-----------+------------+------------+
| T.M_INT | T.M_LONG | T.M_FLOAT | T.M_DOUBLE | T.M_STRING |
+---------+----------+-----------+------------+------------+
+---------+----------+-----------+------------+------------+
0 rows in set (0.001 sec)
Line 19 : Column M_INT expected INT_TYPE yet get "2"
Line 20 : Column M_INT expected INT_TYPE yet get "12"
+---------+----------+-----------+------------+------------+
| T.M_INT | T.M_LONG | T.M_FLOAT | T.M_DOUBLE | T.M_STRING |
+---------+----------+-----------+------------+------------+
+---------+----------+-----------+------------+------------+
0 rows in set (0.001 sec)
Line 24 : Column M_LONG expected LONG_TYPE yet get 3.0
Line 25 : Column M_LONG expected LONG_TYPE yet get 13.0
+---------+----------+-----------+------------+------------+
| T.M_INT | T.M_LONG | T.M_FLOAT | T.M_DOUBLE | T.M_STRING |
+---------+----------+-----------+------------+------------+
+---------+----------+-----------+------------+------------+
0 rows in set (0.001 sec)
Line 29 : Column M_LONG expected LONG_TYPE yet get "4"
Line 30 : Column M_LONG expected LONG_TYPE yet get "14"
+---------+----------+-----------+------------+------------+
| T.M_INT | T.M_LONG | T.M_FLOAT | T.M_DOUBLE | T.M_STRING |
+---------+----------+-----------+------------+------------+
+---------+----------+-----------+------------+------------+
0 rows in set (0.001 sec)
+---------+----------+-----------+------------+------------+
| T.M_INT | T.M_LONG | T.M_FLOAT | T.M_DOUBLE | T.M_STRING |
+---------+----------+-----------+------------+------------+
+---------+----------+-----------+------------+------------+
0 rows in set (0.001 sec)
Query OK, 1 row affected. (0.008 sec)
Query OK, 1 row affected. (0.001 sec)
+---------+----------+-----------+------------+------------+
| T.M_INT | T.M_LONG | T.M_FLOAT | T.M_DOUBLE | T.M_STRING |
+---------+----------+-----------+------------+------------+
|      16 |       16 |      16.0 |       16.0 |         16 |
+---------+----------+-----------+------------+------------+
|      26 |       26 |      26.0 |       null |         26 |
+---------+----------+-----------+------------+------------+
2 rows in set (0.002 sec)
+---------+----------+-----------+------------+------------+
| T.M_INT | T.M_LONG | T.M_FLOAT | T.M_DOUBLE | T.M_STRING |
+---------+----------+-----------+------------+------------+
|      16 |       16 |      16.0 |       16.0 |         16 |
+---------+----------+-----------+------------+------------+
|      26 |       26 |      26.0 |       null |         26 |
+---------+----------+-----------+------------+------------+
2 rows in set (0.001 sec)
Line 41 : Column M_FLOAT expected FLOAT_TYPE yet get "6"
Line 42 : Column M_FLOAT expected FLOAT_TYPE yet get "16"
+---------+----------+-----------+------------+------------+
| T.M_INT | T.M_LONG | T.M_FLOAT | T.M_DOUBLE | T.M_STRING |
+---------+----------+-----------+------------+------------+
|      16 |       16 |      16.0 |       16.0 |         16 |
+---------+----------+-----------+------------+------------+
|      26 |       26 |      26.0 |       null |         26 |
+---------+----------+-----------+------------+------------+
2 rows in set (0.002 sec)
+---------+----------+-----------+------------+------------+
| T.M_INT | T.M_LONG | T.M_FLOAT | T.M_DOUBLE | T.M_STRING |
+---------+----------+-----------+------------+------------+
|      16 |       16 |      16.0 |       16.0 |         16 |
+---------+----------+-----------+------------+------------+
|      26 |       26 |      26.0 |       null |         26 |
+---------+----------+-----------+------------+------------+
2 rows in set (0.002 sec)
Query OK, 1 row affected. (0.001 sec)
Query OK, 1 row affected. (0.001 sec)
+---------+----------+-----------+------------+------------+
| T.M_INT | T.M_LONG | T.M_FLOAT | T.M_DOUBLE | T.M_STRING |
+---------+----------+-----------+------------+------------+
|      16 |       16 |      16.0 |       16.0 |         16 |
+---------+----------+-----------+------------+------------+
|      26 |       26 |      26.0 |       null |         26 |
+---------+----------+-----------+------------+------------+
|      18 |       18 |      18.0 |       18.0 |         18 |
+---------+----------+-----------+------------+------------+
|      28 |       28 |      null |       28.0 |         28 |
+---------+----------+-----------+------------+------------+
4 rows in set (0.003 sec)
Line 52 : Column M_DOUBLE expected DOUBLE_TYPE yet get "8"
Line 53 : Column M_DOUBLE expected DOUBLE_TYPE yet get "18"
+---------+----------+-----------+------------+------------+
| T.M_INT | T.M_LONG | T.M_FLOAT | T.M_DOUBLE | T.M_STRING |
+---------+----------+-----------+------------+------------+
|      16 |       16 |      16.0 |       16.0 |         16 |
+---------+----------+-----------+------------+------------+
|      26 |       26 |      26.0 |       null |         26 |
+---------+----------+-----------+------------+------------+
|      18 |       18 |      18.0 |       18.0 |         18 |
+---------+----------+-----------+------------+------------+
|      28 |       28 |      null |       28.0 |         28 |
+---------+----------+-----------+------------+------------+
4 rows in set (0.003 sec)
Line 57 : Column M_STRING expected STRING_TYPE yet get 9
Line 58 : Column M_STRING expected STRING_TYPE yet get 19
+---------+----------+-----------+------------+------------+
| T.M_INT | T.M_LONG | T.M_FLOAT | T.M_DOUBLE | T.M_STRING |
+---------+----------+-----------+------------+------------+
|      16 |       16 |      16.0 |       16.0 |         16 |
+---------+----------+-----------+------------+------------+
|      26 |       26 |      26.0 |       null |         26 |
+---------+----------+-----------+------------+------------+
|      18 |       18 |      18.0 |       18.0 |         18 |
+---------+----------+-----------+------------+------------+
|      28 |       28 |      null |       28.0 |         28 |
+---------+----------+-----------+------------+------------+
4 rows in set (0.002 sec)
Line 62 : Column M_STRING expected STRING_TYPE yet get 10.0
Line 63 : Column M_STRING expected STRING_TYPE yet get 20.0
+---------+----------+-----------+------------+------------+
| T.M_INT | T.M_LONG | T.M_FLOAT | T.M_DOUBLE | T.M_STRING |
+---------+----------+-----------+------------+------------+
|      16 |       16 |      16.0 |       16.0 |         16 |
+---------+----------+-----------+------------+------------+
|      26 |       26 |      26.0 |       null |         26 |
+---------+----------+-----------+------------+------------+
|      18 |       18 |      18.0 |       18.0 |         18 |
+---------+----------+-----------+------------+------------+
|      28 |       28 |      null |       28.0 |         28 |
+---------+----------+-----------+------------+------------+
4 rows in set (0.001 sec)
Query OK, 0 rows affected (0.0 sec)
+----------+
| Database |
+----------+
+----------+
0 rows in set (0.001 sec)
