Query OK, 1 row affected (0.02 sec)
Database changed (0.003 sec)
Query OK, 0 row affected. (0.007 sec)
+----------+
| Database |
+----------+
|     TEST |
+----------+
1 rows in set (0.066 sec)
+---------+----------+-----------+------------+------------+
| T.M_INT | T.M_LONG | T.M_FLOAT | T.M_DOUBLE | T.M_STRING |
+---------+----------+-----------+------------+------------+
+---------+----------+-----------+------------+------------+
0 rows in set (0.016 sec)
Line 16 : FullColumnName M_INT can not be null
+---------+----------+-----------+------------+------------+
| T.M_INT | T.M_LONG | T.M_FLOAT | T.M_DOUBLE | T.M_STRING |
+---------+----------+-----------+------------+------------+
+---------+----------+-----------+------------+------------+
0 rows in set (0.001 sec)
Query OK, 1 row affected. (0.002 sec)
+---------+----------+-----------+------------+------------+
| T.M_INT | T.M_LONG | T.M_FLOAT | T.M_DOUBLE | T.M_STRING |
+---------+----------+-----------+------------+------------+
|       0 |     null |       0.0 |        0.0 |          0 |
+---------+----------+-----------+------------+------------+
1 rows in set (0.0 sec)
Query OK, 1 row affected. (0.001 sec)
+---------+----------+-----------+------------+------------+
| T.M_INT | T.M_LONG | T.M_FLOAT | T.M_DOUBLE | T.M_STRING |
+---------+----------+-----------+------------+------------+
|       0 |     null |       0.0 |        0.0 |          0 |
+---------+----------+-----------+------------+------------+
|       0 |        0 |      null |        0.0 |          0 |
+---------+----------+-----------+------------+------------+
2 rows in set (0.001 sec)
Query OK, 1 row affected. (0.0 sec)
+---------+----------+-----------+------------+------------+
| T.M_INT | T.M_LONG | T.M_FLOAT | T.M_DOUBLE | T.M_STRING |
+---------+----------+-----------+------------+------------+
|       0 |     null |       0.0 |        0.0 |          0 |
+---------+----------+-----------+------------+------------+
|       0 |        0 |      null |        0.0 |          0 |
+---------+----------+-----------+------------+------------+
|       0 |        0 |       0.0 |       null |          0 |
+---------+----------+-----------+------------+------------+
3 rows in set (0.001 sec)
Line 24 : FullColumnName M_STRING can not be null
+---------+----------+-----------+------------+------------+
| T.M_INT | T.M_LONG | T.M_FLOAT | T.M_DOUBLE | T.M_STRING |
+---------+----------+-----------+------------+------------+
|       0 |     null |       0.0 |        0.0 |          0 |
+---------+----------+-----------+------------+------------+
|       0 |        0 |      null |        0.0 |          0 |
+---------+----------+-----------+------------+------------+
|       0 |        0 |       0.0 |       null |          0 |
+---------+----------+-----------+------------+------------+
3 rows in set (0.001 sec)
Line 27 : FullColumnName M_INT can not be null
+---------+----------+-----------+------------+------------+
| T.M_INT | T.M_LONG | T.M_FLOAT | T.M_DOUBLE | T.M_STRING |
+---------+----------+-----------+------------+------------+
|       0 |     null |       0.0 |        0.0 |          0 |
+---------+----------+-----------+------------+------------+
|       0 |        0 |      null |        0.0 |          0 |
+---------+----------+-----------+------------+------------+
|       0 |        0 |       0.0 |       null |          0 |
+---------+----------+-----------+------------+------------+
3 rows in set (0.001 sec)
Query OK, 0 rows affected (0.002 sec)
+----------+
| Database |
+----------+
+----------+
0 rows in set (0.0 sec)
Query OK, 1 row affected (0.002 sec)
Database changed (0.002 sec)
Query OK, 0 row affected. (0.001 sec)
+----------+
| Database |
+----------+
|     TEST |
+----------+
1 rows in set (0.0 sec)
+---------+----------+-----------+------------+------------+
| T.M_INT | T.M_LONG | T.M_FLOAT | T.M_DOUBLE | T.M_STRING |
+---------+----------+-----------+------------+------------+
+---------+----------+-----------+------------+------------+
0 rows in set (0.005 sec)
Query OK, 1 row affected. (0.0 sec)
+---------+----------+-----------+------------+------------+
| T.M_INT | T.M_LONG | T.M_FLOAT | T.M_DOUBLE | T.M_STRING |
+---------+----------+-----------+------------+------------+
|    null |        0 |       0.0 |        0.0 |          0 |
+---------+----------+-----------+------------+------------+
1 rows in set (0.001 sec)
Query OK, 1 row affected. (0.0 sec)
+---------+----------+-----------+------------+------------+
| T.M_INT | T.M_LONG | T.M_FLOAT | T.M_DOUBLE | T.M_STRING |
+---------+----------+-----------+------------+------------+
|    null |        0 |       0.0 |        0.0 |          0 |
+---------+----------+-----------+------------+------------+
|       0 |     null |       0.0 |        0.0 |          0 |
+---------+----------+-----------+------------+------------+
2 rows in set (0.001 sec)
Query OK, 1 row affected. (0.0 sec)
+---------+----------+-----------+------------+------------+
| T.M_INT | T.M_LONG | T.M_FLOAT | T.M_DOUBLE | T.M_STRING |
+---------+----------+-----------+------------+------------+
|    null |        0 |       0.0 |        0.0 |          0 |
+---------+----------+-----------+------------+------------+
|       0 |     null |       0.0 |        0.0 |          0 |
+---------+----------+-----------+------------+------------+
|       0 |        0 |      null |        0.0 |          0 |
+---------+----------+-----------+------------+------------+
3 rows in set (0.002 sec)
Query OK, 1 row affected. (0.0 sec)
+---------+----------+-----------+------------+------------+
| T.M_INT | T.M_LONG | T.M_FLOAT | T.M_DOUBLE | T.M_STRING |
+---------+----------+-----------+------------+------------+
|    null |        0 |       0.0 |        0.0 |          0 |
+---------+----------+-----------+------------+------------+
|       0 |     null |       0.0 |        0.0 |          0 |
+---------+----------+-----------+------------+------------+
|       0 |        0 |      null |        0.0 |          0 |
+---------+----------+-----------+------------+------------+
|       0 |        0 |       0.0 |       null |          0 |
+---------+----------+-----------+------------+------------+
4 rows in set (0.001 sec)
Query OK, 1 row affected. (0.001 sec)
+---------+----------+-----------+------------+------------+
| T.M_INT | T.M_LONG | T.M_FLOAT | T.M_DOUBLE | T.M_STRING |
+---------+----------+-----------+------------+------------+
|    null |        0 |       0.0 |        0.0 |          0 |
+---------+----------+-----------+------------+------------+
|       0 |     null |       0.0 |        0.0 |          0 |
+---------+----------+-----------+------------+------------+
|       0 |        0 |      null |        0.0 |          0 |
+---------+----------+-----------+------------+------------+
|       0 |        0 |       0.0 |       null |          0 |
+---------+----------+-----------+------------+------------+
|       0 |        0 |       0.0 |        0.0 |       null |
+---------+----------+-----------+------------+------------+
5 rows in set (0.001 sec)
Query OK, 1 row affected. (0.0 sec)
+---------+----------+-----------+------------+------------+
| T.M_INT | T.M_LONG | T.M_FLOAT | T.M_DOUBLE | T.M_STRING |
+---------+----------+-----------+------------+------------+
|    null |        0 |       0.0 |        0.0 |          0 |
+---------+----------+-----------+------------+------------+
|       0 |     null |       0.0 |        0.0 |          0 |
+---------+----------+-----------+------------+------------+
|       0 |        0 |      null |        0.0 |          0 |
+---------+----------+-----------+------------+------------+
|       0 |        0 |       0.0 |       null |          0 |
+---------+----------+-----------+------------+------------+
|       0 |        0 |       0.0 |        0.0 |       null |
+---------+----------+-----------+------------+------------+
|    null |     null |      null |       null |       null |
+---------+----------+-----------+------------+------------+
6 rows in set (0.002 sec)
Query OK, 0 rows affected (0.001 sec)
+----------+
| Database |
+----------+
+----------+
0 rows in set (0.001 sec)
