Query OK, 1 row affected (0.016 sec)
Database changed (0.001 sec)
Query OK, 0 row affected. (0.004 sec)
Query OK, 0 row affected. (0.0 sec)
Query OK, 1 row affected. (0.007 sec)
Query OK, 1 row affected. (0.001 sec)
Query OK, 1 row affected. (0.001 sec)
Query OK, 1 row affected. (0.001 sec)
Query OK, 1 row affected. (0.001 sec)
Query OK, 1 row affected. (0.001 sec)
Query OK, 1 row affected. (0.001 sec)
Query OK, 1 row affected. (0.001 sec)
Query OK, 1 row affected. (0.001 sec)
Query OK, 1 row affected. (0.001 sec)
Query OK, 1 row affected. (0.001 sec)
Query OK, 1 row affected. (0.001 sec)
+-------+----------+-------+----------+
| T1.ID | T1.S1    | T2.ID | T2.S2    |
+-------+----------+-------+----------+
|     1 |    HELLO |    11 |    HELLO |
+-------+----------+-------+----------+
|     2 |   WORLD! |    12 |   WORLD! |
+-------+----------+-------+----------+
|     3 |     THIS |    13 |     THIS |
+-------+----------+-------+----------+
|     4 |       IS |    14 |       IS |
+-------+----------+-------+----------+
|     5 |  TINYDB. |    15 |  TINYDB. |
+-------+----------+-------+----------+
|     6 | WELCOME! |    16 | WELCOME! |
+-------+----------+-------+----------+
6 rows in set (0.072 sec)
+-------+----------+-------+----------+
| T1.ID | T1.S1    | T2.ID | T2.S2    |
+-------+----------+-------+----------+
|     5 |  TINYDB. |    11 |    HELLO |
+-------+----------+-------+----------+
|     5 |  TINYDB. |    12 |   WORLD! |
+-------+----------+-------+----------+
|     5 |  TINYDB. |    13 |     THIS |
+-------+----------+-------+----------+
|     5 |  TINYDB. |    14 |       IS |
+-------+----------+-------+----------+
|     5 |  TINYDB. |    16 | WELCOME! |
+-------+----------+-------+----------+
|     6 | WELCOME! |    11 |    HELLO |
+-------+----------+-------+----------+
|     6 | WELCOME! |    12 |   WORLD! |
+-------+----------+-------+----------+
|     6 | WELCOME! |    13 |     THIS |
+-------+----------+-------+----------+
|     6 | WELCOME! |    14 |       IS |
+-------+----------+-------+----------+
|     6 | WELCOME! |    15 |  TINYDB. |
+-------+----------+-------+----------+
10 rows in set (0.022 sec)
+-------+-------+-------+-------+
| T1.ID | T1.S1 | T2.ID | T2.S2 |
+-------+-------+-------+-------+
|     1 | HELLO |    13 |  THIS |
+-------+-------+-------+-------+
|     1 | HELLO |    14 |    IS |
+-------+-------+-------+-------+
|     4 |    IS |    13 |  THIS |
+-------+-------+-------+-------+
3 rows in set (0.007 sec)
Query OK, 0 rows affected (0.001 sec)
