Query OK, 1 row affected (0.018 sec)
Database changed (0.002 sec)
Query OK, 0 row affected. (0.011 sec)
+----------+
| Database |
+----------+
|     TEST |
+----------+
1 rows in set (0.085 sec)
+---------+----------+-----------+------------+------------+
| T.M_INT | T.M_LONG | T.M_FLOAT | T.M_DOUBLE | T.M_STRING |
+---------+----------+-----------+------------+------------+
+---------+----------+-----------+------------+------------+
0 rows in set (0.018 sec)
Line 17 : FullColumnName M_INT can not be null
+---------+----------+-----------+------------+------------+
| T.M_INT | T.M_LONG | T.M_FLOAT | T.M_DOUBLE | T.M_STRING |
+---------+----------+-----------+------------+------------+
+---------+----------+-----------+------------+------------+
0 rows in set (0.001 sec)
Line 19 : FullColumnName M_LONG can not be null
+---------+----------+-----------+------------+------------+
| T.M_INT | T.M_LONG | T.M_FLOAT | T.M_DOUBLE | T.M_STRING |
+---------+----------+-----------+------------+------------+
+---------+----------+-----------+------------+------------+
0 rows in set (0.001 sec)
Query OK, 1 row affected. (0.001 sec)
+---------+----------+-----------+------------+------------+
| T.M_INT | T.M_LONG | T.M_FLOAT | T.M_DOUBLE | T.M_STRING |
+---------+----------+-----------+------------+------------+
|       0 |        0 |      null |        0.0 |          0 |
+---------+----------+-----------+------------+------------+
1 rows in set (0.001 sec)
Line 23 : Duplicate value '0' for key M_LONG
+---------+----------+-----------+------------+------------+
| T.M_INT | T.M_LONG | T.M_FLOAT | T.M_DOUBLE | T.M_STRING |
+---------+----------+-----------+------------+------------+
|       0 |        0 |      null |        0.0 |          0 |
+---------+----------+-----------+------------+------------+
1 rows in set (0.001 sec)
Line 25 : FullColumnName M_STRING can not be null
+---------+----------+-----------+------------+------------+
| T.M_INT | T.M_LONG | T.M_FLOAT | T.M_DOUBLE | T.M_STRING |
+---------+----------+-----------+------------+------------+
|       0 |        0 |      null |        0.0 |          0 |
+---------+----------+-----------+------------+------------+
1 rows in set (0.0 sec)
Line 28 : FullColumnName M_INT can not be null
+---------+----------+-----------+------------+------------+
| T.M_INT | T.M_LONG | T.M_FLOAT | T.M_DOUBLE | T.M_STRING |
+---------+----------+-----------+------------+------------+
|       0 |        0 |      null |        0.0 |          0 |
+---------+----------+-----------+------------+------------+
1 rows in set (0.001 sec)
Query OK, 0 rows affected (0.001 sec)
+----------+
| Database |
+----------+
+----------+
0 rows in set (0.0 sec)
Query OK, 1 row affected (0.001 sec)
Database changed (0.001 sec)
Query OK, 0 row affected. (0.001 sec)
+----------+
| Database |
+----------+
|     TEST |
+----------+
1 rows in set (0.0 sec)
+---------+----------+-----------+------------+------------+
| T.M_INT | T.M_LONG | T.M_FLOAT | T.M_DOUBLE | T.M_STRING |
+---------+----------+-----------+------------+------------+
+---------+----------+-----------+------------+------------+
0 rows in set (0.003 sec)
Query OK, 1 row affected. (0.001 sec)
+---------+----------+-----------+------------+------------+
| T.M_INT | T.M_LONG | T.M_FLOAT | T.M_DOUBLE | T.M_STRING |
+---------+----------+-----------+------------+------------+
|    null |        0 |       0.0 |        0.0 |          0 |
+---------+----------+-----------+------------+------------+
1 rows in set (0.0 sec)
Line 53 : FullColumnName M_LONG can not be null
+---------+----------+-----------+------------+------------+
| T.M_INT | T.M_LONG | T.M_FLOAT | T.M_DOUBLE | T.M_STRING |
+---------+----------+-----------+------------+------------+
|    null |        0 |       0.0 |        0.0 |          0 |
+---------+----------+-----------+------------+------------+
1 rows in set (0.001 sec)
Query OK, 1 row affected. (0.001 sec)
+---------+----------+-----------+------------+------------+
| T.M_INT | T.M_LONG | T.M_FLOAT | T.M_DOUBLE | T.M_STRING |
+---------+----------+-----------+------------+------------+
|    null |        0 |       0.0 |        0.0 |          0 |
+---------+----------+-----------+------------+------------+
|       0 |        1 |      null |        0.0 |          0 |
+---------+----------+-----------+------------+------------+
2 rows in set (0.001 sec)
Query OK, 1 row affected. (0.001 sec)
+---------+----------+-----------+------------+------------+
| T.M_INT | T.M_LONG | T.M_FLOAT | T.M_DOUBLE | T.M_STRING |
+---------+----------+-----------+------------+------------+
|    null |        0 |       0.0 |        0.0 |          0 |
+---------+----------+-----------+------------+------------+
|       0 |        1 |      null |        0.0 |          0 |
+---------+----------+-----------+------------+------------+
|       0 |        2 |       0.0 |       null |          0 |
+---------+----------+-----------+------------+------------+
3 rows in set (0.002 sec)
Line 59 : Duplicate value '0' for key M_LONG
+---------+----------+-----------+------------+------------+
| T.M_INT | T.M_LONG | T.M_FLOAT | T.M_DOUBLE | T.M_STRING |
+---------+----------+-----------+------------+------------+
|    null |        0 |       0.0 |        0.0 |          0 |
+---------+----------+-----------+------------+------------+
|       0 |        1 |      null |        0.0 |          0 |
+---------+----------+-----------+------------+------------+
|       0 |        2 |       0.0 |       null |          0 |
+---------+----------+-----------+------------+------------+
3 rows in set (0.002 sec)
Line 62 : FullColumnName M_LONG can not be null
+---------+----------+-----------+------------+------------+
| T.M_INT | T.M_LONG | T.M_FLOAT | T.M_DOUBLE | T.M_STRING |
+---------+----------+-----------+------------+------------+
|    null |        0 |       0.0 |        0.0 |          0 |
+---------+----------+-----------+------------+------------+
|       0 |        1 |      null |        0.0 |          0 |
+---------+----------+-----------+------------+------------+
|       0 |        2 |       0.0 |       null |          0 |
+---------+----------+-----------+------------+------------+
3 rows in set (0.001 sec)
Query OK, 0 rows affected (0.001 sec)
+----------+
| Database |
+----------+
+----------+
0 rows in set (0.0 sec)
